socfpga_cyclone5.c:148:12:eth_emdio_write	24	static
socfpga_cyclone5.c:72:6:socfpga_fpga_add	8	static
socfpga_cyclone5.c:83:5:print_cpuinfo	8	static
socfpga_cyclone5.c:92:5:checkboard	8	static
socfpga_cyclone5.c:105:5:board_early_init_f	8	static
socfpga_cyclone5.c:117:5:board_init	0	static
socfpga_cyclone5.c:124:5:misc_init_r	8	static
socfpga_cyclone5.c:132:5:overwrite_console	0	static
socfpga_cyclone5.c:173:5:designware_board_phy_init	24	static
socfpga_cyclone5.c:195:5:board_eth_init	0	static
socfpga_cyclone5.c:221:5:cpu_mmc_init	0	static
socfpga_cyclone5.c:231:5:board_late_init	8	static
socfpga_cyclone5.c:248:6:enable_caches	0	static
