Archive member included because of file (symbol)

/home/bdj2bp/gcc-arm-4.7/bin/../lib/gcc/arm-none-eabi/4.7.4/libgcc.a(_udivsi3.o)
                              arch/arm/cpu/armv7/socfpga/libsocfpga.o (__aeabi_uidiv)
/home/bdj2bp/gcc-arm-4.7/bin/../lib/gcc/arm-none-eabi/4.7.4/libgcc.a(_dvmd_tls.o)
                              /home/bdj2bp/gcc-arm-4.7/bin/../lib/gcc/arm-none-eabi/4.7.4/libgcc.a(_udivsi3.o) (__aeabi_idiv0)
/home/bdj2bp/gcc-arm-4.7/bin/../lib/gcc/arm-none-eabi/4.7.4/libgcc.a(_lshrdi3.o)
                              lib/libgeneric.o (__aeabi_llsr)
/home/bdj2bp/gcc-arm-4.7/bin/../lib/gcc/arm-none-eabi/4.7.4/libgcc.a(_ashldi3.o)
                              drivers/mmc/libmmc.o (__aeabi_llsl)

Allocating common symbols
Common symbol       size              file

___strtok           0x4               lib/libgeneric.o
spl_image           0x20              common/spl/libspl.o
irq_cnt_ecc_sdram   0x4               arch/arm/cpu/armv7/socfpga/libsocfpga.o
debug_memory_write_addr
                    0x4               arch/arm/cpu/armv7/socfpga/libsocfpga.o
mmc_dev             0x128             drivers/mmc/libmmc.o
irq_cnt_ecc_ocram_corrected
                    0x4               arch/arm/cpu/armv7/socfpga/libsocfpga.o
irq_cnt_ecc_ocram_uncorrected
                    0x4               arch/arm/cpu/armv7/socfpga/libsocfpga.o

Discarded input sections

 .data          0x00000000        0x0 arch/arm/cpu/armv7/start.o
 .bss           0x00000000        0x0 arch/arm/cpu/armv7/start.o
 .text.v7_maint_dcache_all
                0x00000000       0xe8 arch/arm/cpu/armv7/libarmv7.o
 .text.v7_dcache_inval_range
                0x00000000       0x80 arch/arm/cpu/armv7/libarmv7.o
 .text.invalidate_icache_all
                0x00000000       0x18 arch/arm/cpu/armv7/libarmv7.o
 .text.__v7_outer_cache_enable
                0x00000000        0x4 arch/arm/cpu/armv7/libarmv7.o
 .text.__v7_outer_cache_disable
                0x00000000        0x4 arch/arm/cpu/armv7/libarmv7.o
 .text.__v7_outer_cache_flush_all
                0x00000000        0x4 arch/arm/cpu/armv7/libarmv7.o
 .text.flush_dcache_all
                0x00000000       0x14 arch/arm/cpu/armv7/libarmv7.o
 .text.__v7_outer_cache_inval_all
                0x00000000        0x4 arch/arm/cpu/armv7/libarmv7.o
 .text.invalidate_dcache_all
                0x00000000       0x14 arch/arm/cpu/armv7/libarmv7.o
 .text.arm_init_before_mmu
                0x00000000       0x28 arch/arm/cpu/armv7/libarmv7.o
 .text.__v7_outer_cache_flush_range
                0x00000000        0x4 arch/arm/cpu/armv7/libarmv7.o
 .text.flush_dcache_range
                0x00000000       0x3c arch/arm/cpu/armv7/libarmv7.o
 .text.flush_cache
                0x00000000        0x8 arch/arm/cpu/armv7/libarmv7.o
 .text.__v7_outer_cache_inval_range
                0x00000000        0x4 arch/arm/cpu/armv7/libarmv7.o
 .text.invalidate_dcache_range
                0x00000000       0x3c arch/arm/cpu/armv7/libarmv7.o
 .text.cpu_cache_initialization
                0x00000000        0x4 arch/arm/cpu/armv7/libarmv7.o
 .text.cleanup_before_linux
                0x00000000       0x24 arch/arm/cpu/armv7/libarmv7.o
 .text.sdelay   0x00000000        0xc arch/arm/cpu/armv7/libarmv7.o
 .text.sr32     0x00000000       0x24 arch/arm/cpu/armv7/libarmv7.o
 .text.wait_on_value
                0x00000000       0x34 arch/arm/cpu/armv7/libarmv7.o
 .rodata.__func__.5825
                0x00000000       0x16 arch/arm/cpu/armv7/libarmv7.o
 .rodata.str1.1
                0x00000000       0x65 arch/arm/cpu/armv7/libarmv7.o
 .data          0x00000000        0x0 arch/arm/cpu/armv7/libarmv7.o
 .bss           0x00000000        0x0 arch/arm/cpu/armv7/libarmv7.o
 .text.get_timer_count_masked
                0x00000000       0x48 arch/arm/cpu/armv7/socfpga/libsocfpga.o
 .text.reset_cpu
                0x00000000       0x14 arch/arm/cpu/armv7/socfpga/libsocfpga.o
 .text.reset_deassert_all_peripherals
                0x00000000       0x14 arch/arm/cpu/armv7/socfpga/libsocfpga.o
 .text.reset_deassert_all_bridges
                0x00000000       0x3c arch/arm/cpu/armv7/socfpga/libsocfpga.o
 .text.reset_deassert_cpu1
                0x00000000       0x14 arch/arm/cpu/armv7/socfpga/libsocfpga.o
 .text.reset_assert_all_peripherals
                0x00000000       0x14 arch/arm/cpu/armv7/socfpga/libsocfpga.o
 .text.dram_init
                0x00000000       0x20 arch/arm/cpu/armv7/socfpga/libsocfpga.o
 .text.sdram_write_register_field
                0x00000000       0x10 arch/arm/cpu/armv7/socfpga/libsocfpga.o
 .text.sdram_write_verify
                0x00000000       0x18 arch/arm/cpu/armv7/socfpga/libsocfpga.o
 .text.fpgamgr_set_cd_ratio
                0x00000000       0x24 arch/arm/cpu/armv7/socfpga/libsocfpga.o
 .text.fpgamgr_dclkcnt_set
                0x00000000       0x54 arch/arm/cpu/armv7/socfpga/libsocfpga.o
 .text.is_fpgamgr_fpga_ready
                0x00000000       0x38 arch/arm/cpu/armv7/socfpga/libsocfpga.o
 .text.fpgamgr_program_fpga
                0x00000000      0x250 arch/arm/cpu/armv7/socfpga/libsocfpga.o
 .text.gic_dic_disable_nonsecure
                0x00000000       0x14 arch/arm/cpu/armv7/socfpga/libsocfpga.o
 .text.gic_dic_enable_nonsecure
                0x00000000       0x14 arch/arm/cpu/armv7/socfpga/libsocfpga.o
 .text.gic_dic_set_pending
                0x00000000       0x24 arch/arm/cpu/armv7/socfpga/libsocfpga.o
 .text.gic_cpu_disable
                0x00000000       0x10 arch/arm/cpu/armv7/socfpga/libsocfpga.o
 .text.irq_trigger
                0x00000000        0x4 arch/arm/cpu/armv7/socfpga/libsocfpga.o
 .text.debug_memory
                0x00000000        0x4 arch/arm/cpu/armv7/socfpga/libsocfpga.o
 .text.debug_memory_print
                0x00000000        0x4 arch/arm/cpu/armv7/socfpga/libsocfpga.o
 .bss           0x00000000        0x0 arch/arm/cpu/armv7/socfpga/libsocfpga.o
 .text          0x00000000        0x0 arch/arm/lib/libarm.o
 .text.disable_interrupts
                0x00000000       0x1c arch/arm/lib/libarm.o
 .text.bad_mode
                0x00000000       0x10 arch/arm/lib/libarm.o
 .text.show_regs
                0x00000000      0x13c arch/arm/lib/libarm.o
 .text.do_undefined_instruction
                0x00000000       0x20 arch/arm/lib/libarm.o
 .text.do_software_interrupt
                0x00000000       0x20 arch/arm/lib/libarm.o
 .text.do_prefetch_abort
                0x00000000       0x20 arch/arm/lib/libarm.o
 .text.do_data_abort
                0x00000000       0x20 arch/arm/lib/libarm.o
 .text.do_not_used
                0x00000000       0x20 arch/arm/lib/libarm.o
 .text.do_fiq   0x00000000       0x20 arch/arm/lib/libarm.o
 .text.__flush_cache
                0x00000000        0x4 arch/arm/lib/libarm.o
 .text.__flush_dcache_all
                0x00000000        0xc arch/arm/lib/libarm.o
 .text.__enable_caches
                0x00000000        0xc arch/arm/lib/libarm.o
 .text.cp_delay
                0x00000000       0x30 arch/arm/lib/libarm.o
 .text.__arm_init_before_mmu
                0x00000000        0x4 arch/arm/lib/libarm.o
 .text.mmu_setup
                0x00000000       0x8c arch/arm/lib/libarm.o
 .text.icache_enable
                0x00000000       0x18 arch/arm/lib/libarm.o
 .text.icache_disable
                0x00000000       0x18 arch/arm/lib/libarm.o
 .text.icache_status
                0x00000000       0x10 arch/arm/lib/libarm.o
 .text.dcache_enable
                0x00000000       0x24 arch/arm/lib/libarm.o
 .text.dcache_disable
                0x00000000       0x24 arch/arm/lib/libarm.o
 .text.dcache_status
                0x00000000       0x10 arch/arm/lib/libarm.o
 .rodata        0x00000000       0x80 arch/arm/lib/libarm.o
 .rodata.str1.1
                0x00000000      0x285 arch/arm/lib/libarm.o
 .bss           0x00000000        0x0 arch/arm/lib/libarm.o
 .text          0x00000000        0x0 board/altera/socfpga_cyclone5/libsocfpga_cyclone5.o
 .text.eth_emdio_write
                0x00000000       0x6c board/altera/socfpga_cyclone5/libsocfpga_cyclone5.o
 .text.socfpga_fpga_add
                0x00000000       0x1c board/altera/socfpga_cyclone5/libsocfpga_cyclone5.o
 .text.print_cpuinfo
                0x00000000       0x18 board/altera/socfpga_cyclone5/libsocfpga_cyclone5.o
 .text.checkboard
                0x00000000       0x18 board/altera/socfpga_cyclone5/libsocfpga_cyclone5.o
 .text.board_early_init_f
                0x00000000       0x10 board/altera/socfpga_cyclone5/libsocfpga_cyclone5.o
 .text.board_init
                0x00000000       0x14 board/altera/socfpga_cyclone5/libsocfpga_cyclone5.o
 .text.misc_init_r
                0x00000000       0x10 board/altera/socfpga_cyclone5/libsocfpga_cyclone5.o
 .text.overwrite_console
                0x00000000        0x8 board/altera/socfpga_cyclone5/libsocfpga_cyclone5.o
 .text.designware_board_phy_init
                0x00000000       0x7c board/altera/socfpga_cyclone5/libsocfpga_cyclone5.o
 .text.board_eth_init
                0x00000000       0x38 board/altera/socfpga_cyclone5/libsocfpga_cyclone5.o
 .text.board_late_init
                0x00000000       0x58 board/altera/socfpga_cyclone5/libsocfpga_cyclone5.o
 .text.enable_caches
                0x00000000        0x4 board/altera/socfpga_cyclone5/libsocfpga_cyclone5.o
 .rodata.str1.1
                0x00000000       0xb1 board/altera/socfpga_cyclone5/libsocfpga_cyclone5.o
 .data          0x00000000        0x0 board/altera/socfpga_cyclone5/libsocfpga_cyclone5.o
 .data.altera_fpga
                0x00000000       0x18 board/altera/socfpga_cyclone5/libsocfpga_cyclone5.o
 .bss           0x00000000        0x0 board/altera/socfpga_cyclone5/libsocfpga_cyclone5.o
 .text          0x00000000        0x0 board/altera/socfpga_cyclone5/sdram/libsocfpga-sdram.o
 .text.scc_mgr_set_oct_out2_delay.isra.2
                0x00000000        0x4 board/altera/socfpga_cyclone5/sdram/libsocfpga-sdram.o
 .text.select_shadow_regs_for_update
                0x00000000        0x4 board/altera/socfpga_cyclone5/sdram/libsocfpga-sdram.o
 .text.scc_mgr_set_dq_out2_delay
                0x00000000        0x4 board/altera/socfpga_cyclone5/sdram/libsocfpga-sdram.o
 .text.scc_mgr_set_dm_out2_delay
                0x00000000        0x4 board/altera/socfpga_cyclone5/sdram/libsocfpga-sdram.o
 .text.scc_mgr_load_dqs
                0x00000000       0x10 board/altera/socfpga_cyclone5/sdram/libsocfpga-sdram.o
 .text.scc_mgr_load_dqs_io
                0x00000000       0x14 board/altera/socfpga_cyclone5/sdram/libsocfpga-sdram.o
 .text.scc_mgr_load_dq
                0x00000000       0x10 board/altera/socfpga_cyclone5/sdram/libsocfpga-sdram.o
 .text.scc_mgr_load_dm
                0x00000000       0x10 board/altera/socfpga_cyclone5/sdram/libsocfpga-sdram.o
 .text.scc_mgr_apply_group_dq_out2_delay
                0x00000000       0x4c board/altera/socfpga_cyclone5/sdram/libsocfpga-sdram.o
 .text.scc_mgr_apply_group_dqs_io_and_oct_out2
                0x00000000       0x14 board/altera/socfpga_cyclone5/sdram/libsocfpga-sdram.o
 .text.scc_mgr_set_group_dqs_io_and_oct_out1_gradual
                0x00000000       0x6c board/altera/socfpga_cyclone5/sdram/libsocfpga-sdram.o
 .text.scc_mgr_set_group_dqs_io_and_oct_out2_gradual
                0x00000000       0x40 board/altera/socfpga_cyclone5/sdram/libsocfpga-sdram.o
 .text.scc_mgr_apply_group_all_out_delay
                0x00000000       0x2c board/altera/socfpga_cyclone5/sdram/libsocfpga-sdram.o
 .text.scc_mgr_apply_group_all_out_delay_all_ranks
                0x00000000       0x1c board/altera/socfpga_cyclone5/sdram/libsocfpga-sdram.o
 .text.rw_mgr_rdimm_initialize
                0x00000000        0x4 board/altera/socfpga_cyclone5/sdram/libsocfpga-sdram.o
 .text.rw_mgr_mem_dll_lock_wait
                0x00000000        0x4 board/altera/socfpga_cyclone5/sdram/libsocfpga-sdram.o
 .text.rw_mgr_incr_vfifo
                0x00000000       0x1c board/altera/socfpga_cyclone5/sdram/libsocfpga-sdram.o
 .text.rw_mgr_mem_calibrate_wlevel
                0x00000000      0x1c0 board/altera/socfpga_cyclone5/sdram/libsocfpga-sdram.o
 .text.rw_mgr_mem_calibrate_eye_diag_aid
                0x00000000        0x4 board/altera/socfpga_cyclone5/sdram/libsocfpga-sdram.o
 .text.rw_mgr_mem_calibrate_full_test
                0x00000000       0x60 board/altera/socfpga_cyclone5/sdram/libsocfpga-sdram.o
 .text.user_init_cal_req
                0x00000000       0x58 board/altera/socfpga_cyclone5/sdram/libsocfpga-sdram.o
 .data          0x00000000        0x0 board/altera/socfpga_cyclone5/sdram/libsocfpga-sdram.o
 .bss           0x00000000        0x0 board/altera/socfpga_cyclone5/sdram/libsocfpga-sdram.o
 .bss.curr_shadow_reg
                0x00000000        0x4 board/altera/socfpga_cyclone5/sdram/libsocfpga-sdram.o
 .text          0x00000000        0x0 common/libcommon.o
 .text.console_setfile
                0x00000000       0xa0 common/libcommon.o
 .text.serial_printf
                0x00000000       0x40 common/libcommon.o
 .text.fgetc    0x00000000       0x2c common/libcommon.o
 .text.ftstc    0x00000000       0x2c common/libcommon.o
 .text.fputc    0x00000000       0x28 common/libcommon.o
 .text.fputs    0x00000000       0x28 common/libcommon.o
 .text.fprintf  0x00000000       0x48 common/libcommon.o
 .text.getc     0x00000000       0x3c common/libcommon.o
 .text.tstc     0x00000000       0x3c common/libcommon.o
 .text.putc     0x00000000       0x3c common/libcommon.o
 .text.vprintf  0x00000000       0x40 common/libcommon.o
 .text.ctrlc    0x00000000       0x58 common/libcommon.o
 .text.disable_ctrlc
                0x00000000       0x18 common/libcommon.o
 .text.had_ctrlc
                0x00000000       0x10 common/libcommon.o
 .text.clear_ctrlc
                0x00000000       0x14 common/libcommon.o
 .text.dbg      0x00000000        0xc common/libcommon.o
 .text.search_device
                0x00000000       0x30 common/libcommon.o
 .text.console_assign
                0x00000000       0x44 common/libcommon.o
 .text.console_init_f
                0x00000000       0x10 common/libcommon.o
 .text.stdio_print_current_devices
                0x00000000       0xb0 common/libcommon.o
 .text.console_init_r
                0x00000000      0x18c common/libcommon.o
 .text.sbrk     0x00000000       0x6c common/libcommon.o
 .text.malloc_trim
                0x00000000       0xcc common/libcommon.o
 .text.free     0x00000000      0x230 common/libcommon.o
 .text.cfree    0x00000000        0x4 common/libcommon.o
 .text.malloc   0x00000000      0x5dc common/libcommon.o
 .text.calloc   0x00000000       0xd8 common/libcommon.o
 .text.memalign
                0x00000000      0x10c common/libcommon.o
 .text.pvalloc  0x00000000       0x18 common/libcommon.o
 .text.valloc   0x00000000        0xc common/libcommon.o
 .text.realloc  0x00000000      0x410 common/libcommon.o
 .text.malloc_usable_size
                0x00000000       0x3c common/libcommon.o
 .text.mallopt  0x00000000       0x68 common/libcommon.o
 .text.__fswab32
                0x00000000       0x1c common/libcommon.o
 .text.fdt_error
                0x00000000       0x2c common/libcommon.o
 .text.image_get_size
                0x00000000        0x8 common/libcommon.o
 .text.image_get_load
                0x00000000        0x8 common/libcommon.o
 .text.image_get_magic
                0x00000000        0x8 common/libcommon.o
 .text.image_check_hcrc
                0x00000000       0x50 common/libcommon.o
 .text.image_check_dcrc
                0x00000000       0x3c common/libcommon.o
 .text.image_multi_count
                0x00000000       0x20 common/libcommon.o
 .text.image_multi_getimg
                0x00000000       0x88 common/libcommon.o
 .text.getenv_yesno
                0x00000000       0x28 common/libcommon.o
 .text.getenv_bootm_low
                0x00000000       0x28 common/libcommon.o
 .text.getenv_bootm_size
                0x00000000       0x58 common/libcommon.o
 .text.getenv_bootm_mapsize
                0x00000000       0x34 common/libcommon.o
 .text.memmove_wd
                0x00000000       0x58 common/libcommon.o
 .text.genimg_print_size
                0x00000000       0x30 common/libcommon.o
 .text.get_table_entry_name
                0x00000000       0x28 common/libcommon.o
 .text.genimg_get_os_name
                0x00000000       0x18 common/libcommon.o
 .text.genimg_get_arch_name
                0x00000000       0x18 common/libcommon.o
 .text.genimg_get_type_name
                0x00000000       0x18 common/libcommon.o
 .text.genimg_get_comp_name
                0x00000000       0x18 common/libcommon.o
 .text.image_print_contents
                0x00000000      0x174 common/libcommon.o
 .text.get_table_entry_id
                0x00000000       0x50 common/libcommon.o
 .text.genimg_get_os_id
                0x00000000       0x18 common/libcommon.o
 .text.genimg_get_arch_id
                0x00000000       0x18 common/libcommon.o
 .text.genimg_get_type_id
                0x00000000       0x18 common/libcommon.o
 .text.genimg_get_comp_id
                0x00000000       0x18 common/libcommon.o
 .text.genimg_get_format
                0x00000000       0x3c common/libcommon.o
 .text.genimg_get_image
                0x00000000        0x4 common/libcommon.o
 .text.genimg_has_config
                0x00000000        0x8 common/libcommon.o
 .text.boot_get_ramdisk
                0x00000000      0x1d0 common/libcommon.o
 .text.boot_ramdisk_high
                0x00000000      0x124 common/libcommon.o
 .text.boot_fdt_add_mem_rsv_regions
                0x00000000       0x90 common/libcommon.o
 .text.boot_relocate_fdt
                0x00000000      0x190 common/libcommon.o
 .text.boot_get_fdt
                0x00000000      0x248 common/libcommon.o
 .text.get_ram_size
                0x00000000       0xfc common/libcommon.o
 .text.stdio_get_list
                0x00000000        0xc common/libcommon.o
 .text.stdio_get_by_name
                0x00000000       0x54 common/libcommon.o
 .text.stdio_clone
                0x00000000       0x4c common/libcommon.o
 .text.stdio_register
                0x00000000       0x44 common/libcommon.o
 .text.stdio_init
                0x00000000       0x88 common/libcommon.o
 .rodata.str1.1
                0x00000000      0x990 common/libcommon.o
 .rodata.uimage_comp
                0x00000000       0x48 common/libcommon.o
 .rodata.uimage_os
                0x00000000       0x54 common/libcommon.o
 .rodata.uimage_arch
                0x00000000       0xfc common/libcommon.o
 .rodata.uimage_type
                0x00000000       0xcc common/libcommon.o
 .data          0x00000000        0x0 common/libcommon.o
 .data.av_      0x00000000      0x408 common/libcommon.o
 .data.mmap_threshold
                0x00000000        0x4 common/libcommon.o
 .data.sbrk_base
                0x00000000        0x4 common/libcommon.o
 .data.trim_threshold
                0x00000000        0x4 common/libcommon.o
 .data.stdio_names
                0x00000000        0xc common/libcommon.o
 .bss           0x00000000        0x0 common/libcommon.o
 .bss.ctrlc_was_pressed
                0x00000000        0x4 common/libcommon.o
 .bss.ctrlc_disabled
                0x00000000        0x4 common/libcommon.o
 .bss.max_total_mem
                0x00000000        0x4 common/libcommon.o
 .bss.max_sbrked_mem
                0x00000000        0x4 common/libcommon.o
 .bss.current_mallinfo
                0x00000000       0x28 common/libcommon.o
 .bss.top_pad   0x00000000        0x4 common/libcommon.o
 .bss.n_mmaps_max
                0x00000000        0x4 common/libcommon.o
 .bss.devs      0x00000000       0x3c common/libcommon.o
 .text          0x00000000        0x0 common/spl/libspl.o
 .bss           0x00000000        0x0 common/spl/libspl.o
 .text          0x00000000        0x0 drivers/mmc/libmmc.o
 .text.mmc_switch_part
                0x00000000       0x3c drivers/mmc/libmmc.o
 .text.mmc_set_bus_width
                0x00000000        0x8 drivers/mmc/libmmc.o
 .text.get_mmc_num
                0x00000000       0x10 drivers/mmc/libmmc.o
 .data          0x00000000        0x0 drivers/mmc/libmmc.o
 .bss           0x00000000        0x0 drivers/mmc/libmmc.o
 .text          0x00000000        0x0 drivers/serial/libserial.o
 .text.NS16550_reinit
                0x00000000       0x50 drivers/serial/libserial.o
 .text.NS16550_getc
                0x00000000       0x28 drivers/serial/libserial.o
 .text.NS16550_tstc
                0x00000000        0xc drivers/serial/libserial.o
 .text._serial_putc_raw
                0x00000000       0x1c drivers/serial/libserial.o
 .text._serial_getc
                0x00000000       0x1c drivers/serial/libserial.o
 .text._serial_tstc
                0x00000000       0x14 drivers/serial/libserial.o
 .text._serial_setbrg
                0x00000000       0x28 drivers/serial/libserial.o
 .text.serial_putc
                0x00000000        0x8 drivers/serial/libserial.o
 .text.serial_putc_raw
                0x00000000        0x8 drivers/serial/libserial.o
 .text.serial_getc
                0x00000000        0x8 drivers/serial/libserial.o
 .text.serial_tstc
                0x00000000        0x8 drivers/serial/libserial.o
 .text.serial_setbrg
                0x00000000        0x8 drivers/serial/libserial.o
 .data          0x00000000        0x0 drivers/serial/libserial.o
 .bss           0x00000000        0x0 drivers/serial/libserial.o
 .text          0x00000000        0x0 drivers/watchdog/libwatchdog.o
 .text.designware_wdt_enable
                0x00000000       0x14 drivers/watchdog/libwatchdog.o
 .text.designware_wdt_is_enabled
                0x00000000       0x14 drivers/watchdog/libwatchdog.o
 .data          0x00000000        0x0 drivers/watchdog/libwatchdog.o
 .bss           0x00000000        0x0 drivers/watchdog/libwatchdog.o
 .text          0x00000000        0x0 lib/libgeneric.o
 .text.strcpy   0x00000000       0x1c lib/libgeneric.o
 .text.strncpy  0x00000000       0x24 lib/libgeneric.o
 .text.strcat   0x00000000       0x30 lib/libgeneric.o
 .text.strncat  0x00000000       0x50 lib/libgeneric.o
 .text.strcmp   0x00000000       0x30 lib/libgeneric.o
 .text.strncmp  0x00000000       0x44 lib/libgeneric.o
 .text.strchr   0x00000000       0x2c lib/libgeneric.o
 .text.skip_spaces
                0x00000000       0x28 lib/libgeneric.o
 .text.strlen   0x00000000       0x20 lib/libgeneric.o
 .text.strim    0x00000000       0x60 lib/libgeneric.o
 .text.strrchr  0x00000000       0x3c lib/libgeneric.o
 .text.strdup   0x00000000       0x38 lib/libgeneric.o
 .text.strspn   0x00000000       0x3c lib/libgeneric.o
 .text.strpbrk  0x00000000       0x3c lib/libgeneric.o
 .text.strtok   0x00000000       0x78 lib/libgeneric.o
 .text.strsep   0x00000000       0x34 lib/libgeneric.o
 .text.strswab  0x00000000       0x4c lib/libgeneric.o
 .text.bcopy    0x00000000       0x24 lib/libgeneric.o
 .text.memmove  0x00000000       0x64 lib/libgeneric.o
 .text.memscan  0x00000000       0x2c lib/libgeneric.o
 .text.strstr   0x00000000       0x6c lib/libgeneric.o
 .text.memchr   0x00000000       0x34 lib/libgeneric.o
 .text.mdelay   0x00000000       0x24 lib/libgeneric.o
 .text.simple_strtoul
                0x00000000       0xb8 lib/libgeneric.o
 .text.strict_strtoul
                0x00000000       0x78 lib/libgeneric.o
 .text.simple_strtol
                0x00000000       0x28 lib/libgeneric.o
 .text.ustrtoul
                0x00000000       0x70 lib/libgeneric.o
 .text.simple_strtoull
                0x00000000       0xd8 lib/libgeneric.o
 .text.panic    0x00000000       0x44 lib/libgeneric.o
 .text.__assert_fail
                0x00000000       0x14 lib/libgeneric.o
 .text.simple_itoa
                0x00000000       0x58 lib/libgeneric.o
 .data          0x00000000        0x0 lib/libgeneric.o
 .bss           0x00000000        0x0 lib/libgeneric.o
 .bss.local.6002
                0x00000000       0x16 lib/libgeneric.o
 COMMON         0x00000000        0x4 lib/libgeneric.o
 .text          0x00000000        0x0 /home/bdj2bp/test/DE10_DEMO-master/DEMO_BAREMETAL_PRELOADER/spl/arch/arm/lib/eabi_compat.o
 .data          0x00000000        0x0 /home/bdj2bp/test/DE10_DEMO-master/DEMO_BAREMETAL_PRELOADER/spl/arch/arm/lib/eabi_compat.o
 .bss           0x00000000        0x0 /home/bdj2bp/test/DE10_DEMO-master/DEMO_BAREMETAL_PRELOADER/spl/arch/arm/lib/eabi_compat.o
 .text.raise    0x00000000        0x8 /home/bdj2bp/test/DE10_DEMO-master/DEMO_BAREMETAL_PRELOADER/spl/arch/arm/lib/eabi_compat.o
 .text.__aeabi_unwind_cpp_pr0
                0x00000000        0x4 /home/bdj2bp/test/DE10_DEMO-master/DEMO_BAREMETAL_PRELOADER/spl/arch/arm/lib/eabi_compat.o
 .text.__aeabi_unwind_cpp_pr1
                0x00000000        0x4 /home/bdj2bp/test/DE10_DEMO-master/DEMO_BAREMETAL_PRELOADER/spl/arch/arm/lib/eabi_compat.o
 .debug_info    0x00000000      0x316 /home/bdj2bp/test/DE10_DEMO-master/DEMO_BAREMETAL_PRELOADER/spl/arch/arm/lib/eabi_compat.o
 .debug_abbrev  0x00000000      0x11e /home/bdj2bp/test/DE10_DEMO-master/DEMO_BAREMETAL_PRELOADER/spl/arch/arm/lib/eabi_compat.o
 .debug_loc     0x00000000       0x21 /home/bdj2bp/test/DE10_DEMO-master/DEMO_BAREMETAL_PRELOADER/spl/arch/arm/lib/eabi_compat.o
 .debug_aranges
                0x00000000       0x30 /home/bdj2bp/test/DE10_DEMO-master/DEMO_BAREMETAL_PRELOADER/spl/arch/arm/lib/eabi_compat.o
 .debug_ranges  0x00000000       0x20 /home/bdj2bp/test/DE10_DEMO-master/DEMO_BAREMETAL_PRELOADER/spl/arch/arm/lib/eabi_compat.o
 .debug_line    0x00000000      0x152 /home/bdj2bp/test/DE10_DEMO-master/DEMO_BAREMETAL_PRELOADER/spl/arch/arm/lib/eabi_compat.o
 .debug_str     0x00000000      0x29b /home/bdj2bp/test/DE10_DEMO-master/DEMO_BAREMETAL_PRELOADER/spl/arch/arm/lib/eabi_compat.o
 .comment       0x00000000       0x71 /home/bdj2bp/test/DE10_DEMO-master/DEMO_BAREMETAL_PRELOADER/spl/arch/arm/lib/eabi_compat.o
 .ARM.attributes
                0x00000000       0x30 /home/bdj2bp/test/DE10_DEMO-master/DEMO_BAREMETAL_PRELOADER/spl/arch/arm/lib/eabi_compat.o
 .debug_frame   0x00000000       0x40 /home/bdj2bp/test/DE10_DEMO-master/DEMO_BAREMETAL_PRELOADER/spl/arch/arm/lib/eabi_compat.o
 .data          0x00000000        0x0 /home/bdj2bp/gcc-arm-4.7/bin/../lib/gcc/arm-none-eabi/4.7.4/libgcc.a(_udivsi3.o)
 .bss           0x00000000        0x0 /home/bdj2bp/gcc-arm-4.7/bin/../lib/gcc/arm-none-eabi/4.7.4/libgcc.a(_udivsi3.o)
 .data          0x00000000        0x0 /home/bdj2bp/gcc-arm-4.7/bin/../lib/gcc/arm-none-eabi/4.7.4/libgcc.a(_dvmd_tls.o)
 .bss           0x00000000        0x0 /home/bdj2bp/gcc-arm-4.7/bin/../lib/gcc/arm-none-eabi/4.7.4/libgcc.a(_dvmd_tls.o)
 .data          0x00000000        0x0 /home/bdj2bp/gcc-arm-4.7/bin/../lib/gcc/arm-none-eabi/4.7.4/libgcc.a(_lshrdi3.o)
 .bss           0x00000000        0x0 /home/bdj2bp/gcc-arm-4.7/bin/../lib/gcc/arm-none-eabi/4.7.4/libgcc.a(_lshrdi3.o)
 .data          0x00000000        0x0 /home/bdj2bp/gcc-arm-4.7/bin/../lib/gcc/arm-none-eabi/4.7.4/libgcc.a(_ashldi3.o)
 .bss           0x00000000        0x0 /home/bdj2bp/gcc-arm-4.7/bin/../lib/gcc/arm-none-eabi/4.7.4/libgcc.a(_ashldi3.o)

Memory Configuration

Name             Origin             Length             Attributes
.sram            0xffff0000         0x00010000
*default*        0x00000000         0xffffffff

Linker script and memory map


.text           0xffff0000     0x8228
 arch/arm/cpu/armv7/start.o(.text)
 .text          0xffff0000      0x160 arch/arm/cpu/armv7/start.o
                0xffff0000                _start
                0xffff0040                _end_vect
                0xffff0050                _TEXT_BASE
                0xffff0054                _bss_start_ofs
                0xffff0058                _image_copy_end_ofs
                0xffff005c                _bss_end_ofs
                0xffff0060                _end_ofs
                0xffff0064                IRQ_STACK_START
                0xffff0068                FIQ_STACK_START
                0xffff006c                IRQ_STACK_START_IN
                0xffff00b4                cpu_init_cp15
                0xffff00ec                cpu_init_crit
 *(.text*)
 .text          0xffff0160       0x18 arch/arm/cpu/armv7/libarmv7.o
                0xffff0160                lowlevel_init
 .text          0xffff0178        0x4 arch/arm/cpu/armv7/socfpga/libsocfpga.o
                0xffff0178                save_boot_params
 .text.s_init   0xffff017c       0x30 arch/arm/cpu/armv7/socfpga/libsocfpga.o
                0xffff017c                s_init
 .text.timer_init
                0xffff01ac       0x28 arch/arm/cpu/armv7/socfpga/libsocfpga.o
                0xffff01ac                timer_init
 .text.__udelay
                0xffff01d4       0x58 arch/arm/cpu/armv7/socfpga/libsocfpga.o
                0xffff01d4                __udelay
 .text.get_timer_masked
                0xffff022c       0x58 arch/arm/cpu/armv7/socfpga/libsocfpga.o
                0xffff022c                get_timer_masked
 .text.get_timer
                0xffff0284       0x14 arch/arm/cpu/armv7/socfpga/libsocfpga.o
                0xffff0284                get_timer
 .text.reset_timer
                0xffff0298       0x30 arch/arm/cpu/armv7/socfpga/libsocfpga.o
                0xffff0298                reset_timer
 .text.get_timer_count
                0xffff02c8       0x14 arch/arm/cpu/armv7/socfpga/libsocfpga.o
                0xffff02c8                get_timer_count
 .text.reset_timer_count
                0xffff02dc       0x1c arch/arm/cpu/armv7/socfpga/libsocfpga.o
                0xffff02dc                reset_timer_count
 .text.watchdog_disable
                0xffff02f8       0x24 arch/arm/cpu/armv7/socfpga/libsocfpga.o
                0xffff02f8                watchdog_disable
 .text.is_wdt_in_reset
                0xffff031c       0x18 arch/arm/cpu/armv7/socfpga/libsocfpga.o
                0xffff031c                is_wdt_in_reset
 .text.reset_deassert_osc1timer0
                0xffff0334       0x18 arch/arm/cpu/armv7/socfpga/libsocfpga.o
                0xffff0334                reset_deassert_osc1timer0
 .text.reset_deassert_osc1wd0
                0xffff034c       0x18 arch/arm/cpu/armv7/socfpga/libsocfpga.o
                0xffff034c                reset_deassert_osc1wd0
 .text.reset_assert_all_bridges
                0xffff0364       0x14 arch/arm/cpu/armv7/socfpga/libsocfpga.o
                0xffff0364                reset_assert_all_bridges
 .text.reset_assert_all_peripherals_except_l4wd0
                0xffff0378       0x14 arch/arm/cpu/armv7/socfpga/libsocfpga.o
                0xffff0378                reset_assert_all_peripherals_except_l4wd0
 .text.reset_deassert_peripherals_handoff
                0xffff038c       0x44 arch/arm/cpu/armv7/socfpga/libsocfpga.o
                0xffff038c                reset_deassert_peripherals_handoff
 .text.reset_deassert_bridges_handoff
                0xffff03d0       0x24 arch/arm/cpu/armv7/socfpga/libsocfpga.o
                0xffff03d0                reset_deassert_bridges_handoff
 .text.irq_handler_ecc_sdram
                0xffff03f4       0x18 arch/arm/cpu/armv7/socfpga/libsocfpga.o
                0xffff03f4                irq_handler_ecc_sdram
 .text.sdram_mmr_init_full
                0xffff040c      0x3e0 arch/arm/cpu/armv7/socfpga/libsocfpga.o
                0xffff040c                sdram_mmr_init_full
 .text.sdram_calibration_full
                0xffff07ec        0x4 arch/arm/cpu/armv7/socfpga/libsocfpga.o
                0xffff07ec                sdram_calibration_full
 .text.sdmmc_set_clk_timing
                0xffff07f0       0x44 arch/arm/cpu/armv7/socfpga/libsocfpga.o
                0xffff07f0                sdmmc_set_clk_timing
 .text.sdmmc_use_hold_reg
                0xffff0834       0x18 arch/arm/cpu/armv7/socfpga/libsocfpga.o
                0xffff0834                sdmmc_use_hold_reg
 .text.gic_dic_disable_secure
                0xffff084c       0x14 arch/arm/cpu/armv7/socfpga/libsocfpga.o
                0xffff084c                gic_dic_disable_secure
 .text.gic_dic_enable_secure
                0xffff0860       0x14 arch/arm/cpu/armv7/socfpga/libsocfpga.o
                0xffff0860                gic_dic_enable_secure
 .text.gic_dic_clear_enable_all_intr
                0xffff0874       0x2c arch/arm/cpu/armv7/socfpga/libsocfpga.o
                0xffff0874                gic_dic_clear_enable_all_intr
 .text.gic_dic_clear_pending_all_intr
                0xffff08a0       0x2c arch/arm/cpu/armv7/socfpga/libsocfpga.o
                0xffff08a0                gic_dic_clear_pending_all_intr
 .text.gic_dic_set_enable
                0xffff08cc       0x24 arch/arm/cpu/armv7/socfpga/libsocfpga.o
                0xffff08cc                gic_dic_set_enable
 .text.gic_dic_set_target_processor
                0xffff08f0       0x38 arch/arm/cpu/armv7/socfpga/libsocfpga.o
                0xffff08f0                gic_dic_set_target_processor
 .text.gic_dic_set_config
                0xffff0928       0x3c arch/arm/cpu/armv7/socfpga/libsocfpga.o
                0xffff0928                gic_dic_set_config
 .text.gic_dic_clear_pending
                0xffff0964       0x24 arch/arm/cpu/armv7/socfpga/libsocfpga.o
                0xffff0964                gic_dic_clear_pending
 .text.gic_cpu_enable
                0xffff0988       0x10 arch/arm/cpu/armv7/socfpga/libsocfpga.o
                0xffff0988                gic_cpu_enable
 .text.gic_cpu_set_priority_mask
                0xffff0998        0xc arch/arm/cpu/armv7/socfpga/libsocfpga.o
                0xffff0998                gic_cpu_set_priority_mask
 .text.gic_cpu_get_pending_intr
                0xffff09a4        0xc arch/arm/cpu/armv7/socfpga/libsocfpga.o
                0xffff09a4                gic_cpu_get_pending_intr
 .text.gic_cpu_end_of_intr
                0xffff09b0        0xc arch/arm/cpu/armv7/socfpga/libsocfpga.o
                0xffff09b0                gic_cpu_end_of_intr
 .text.do_irq   0xffff09bc       0x44 arch/arm/cpu/armv7/socfpga/libsocfpga.o
                0xffff09bc                do_irq
 .text.arch_interrupt_init
                0xffff0a00       0x28 arch/arm/cpu/armv7/socfpga/libsocfpga.o
                0xffff0a00                arch_interrupt_init
 .text.irq_register
                0xffff0a28       0x40 arch/arm/cpu/armv7/socfpga/libsocfpga.o
                0xffff0a28                irq_register
 .text.spl_boot_device
                0xffff0a68        0x8 arch/arm/cpu/armv7/socfpga/libsocfpga.o
                0xffff0a68                spl_boot_device
 .text.spl_boot_mode
                0xffff0a70        0x8 arch/arm/cpu/armv7/socfpga/libsocfpga.o
                0xffff0a70                spl_boot_mode
 .text.spl_board_init
                0xffff0a78      0x260 arch/arm/cpu/armv7/socfpga/libsocfpga.o
                0xffff0a78                spl_board_init
 .text.cm_wait4fsm
                0xffff0cd8       0x18 arch/arm/cpu/armv7/socfpga/libsocfpga.o
 .text.cm_write_with_phase.constprop.0
                0xffff0cf0       0x34 arch/arm/cpu/armv7/socfpga/libsocfpga.o
 .text.cm_basic_init
                0xffff0d24      0x270 arch/arm/cpu/armv7/socfpga/libsocfpga.o
                0xffff0d24                cm_basic_init
 .text.sys_mgr_frzctrl_freeze_req
                0xffff0f94       0xe8 arch/arm/cpu/armv7/socfpga/libsocfpga.o
                0xffff0f94                sys_mgr_frzctrl_freeze_req
 .text.sys_mgr_frzctrl_thaw_req
                0xffff107c      0x168 arch/arm/cpu/armv7/socfpga/libsocfpga.o
                0xffff107c                sys_mgr_frzctrl_thaw_req
 .text.sys_mgr_frzctrl_frzchn_is_frozen
                0xffff11e4       0x18 arch/arm/cpu/armv7/socfpga/libsocfpga.o
                0xffff11e4                sys_mgr_frzctrl_frzchn_is_frozen
 .text.irq_handler_ecc_ocram_corrected
                0xffff11fc       0x28 arch/arm/cpu/armv7/socfpga/libsocfpga.o
                0xffff11fc                irq_handler_ecc_ocram_corrected
 .text.irq_handler_ecc_ocram_uncorrected
                0xffff1224       0x2c arch/arm/cpu/armv7/socfpga/libsocfpga.o
                0xffff1224                irq_handler_ecc_ocram_uncorrected
 .text.nic301_slave_ns
                0xffff1250       0x28 arch/arm/cpu/armv7/socfpga/libsocfpga.o
                0xffff1250                nic301_slave_ns
 .text.scan_mgr_io_scan_chain_engine_is_idle.constprop.0
                0xffff1278       0x40 arch/arm/cpu/armv7/socfpga/libsocfpga.o
 .text.scan_mgr_io_scan_chain_prg
                0xffff12b8      0x194 arch/arm/cpu/armv7/socfpga/libsocfpga.o
                0xffff12b8                scan_mgr_io_scan_chain_prg
 .text.sysmgr_pinmux_init
                0xffff144c       0x2c arch/arm/cpu/armv7/socfpga/libsocfpga.o
                0xffff144c                sysmgr_pinmux_init
 .text.board_init_f
                0xffff1478       0x40 arch/arm/lib/libarm.o
                0xffff1478                board_init_f
 .text.interrupt_init
                0xffff14b8       0x2c arch/arm/lib/libarm.o
                0xffff14b8                interrupt_init
 .text.enable_interrupts
                0xffff14e4       0x10 arch/arm/lib/libarm.o
                0xffff14e4                enable_interrupts
 .text.cpu_mmc_init
                0xffff14f4        0xc board/altera/socfpga_cyclone5/libsocfpga_cyclone5.o
                0xffff14f4                cpu_mmc_init
 .text.set_failing_group_stage
                0xffff1500       0x24 board/altera/socfpga_cyclone5/sdram/libsocfpga-sdram.o
 .text.reg_file_set_group
                0xffff1524       0x20 board/altera/socfpga_cyclone5/sdram/libsocfpga-sdram.o
 .text.reg_file_set_stage
                0xffff1544       0x24 board/altera/socfpga_cyclone5/sdram/libsocfpga-sdram.o
 .text.reg_file_set_sub_stage
                0xffff1568       0x20 board/altera/socfpga_cyclone5/sdram/libsocfpga-sdram.o
 .text.scc_mgr_set_dqs_en_phase
                0xffff1588       0xa8 board/altera/socfpga_cyclone5/sdram/libsocfpga-sdram.o
 .text.scc_mgr_set_dqdqs_output_phase
                0xffff1630       0xa8 board/altera/socfpga_cyclone5/sdram/libsocfpga-sdram.o
 .text.scc_mgr_set_dqs_en_delay
                0xffff16d8       0xa8 board/altera/socfpga_cyclone5/sdram/libsocfpga-sdram.o
 .text.scc_mgr_set_oct_out1_delay
                0xffff1780       0xc8 board/altera/socfpga_cyclone5/sdram/libsocfpga-sdram.o
 .text.initialize
                0xffff1848       0x60 board/altera/socfpga_cyclone5/sdram/libsocfpga-sdram.o
                0xffff1848                initialize
 .text.set_rank_and_odt_mask
                0xffff18a8       0x28 board/altera/socfpga_cyclone5/sdram/libsocfpga-sdram.o
                0xffff18a8                set_rank_and_odt_mask
 .text.scc_mgr_initialize
                0xffff18d0       0xbc board/altera/socfpga_cyclone5/sdram/libsocfpga-sdram.o
                0xffff18d0                scc_mgr_initialize
 .text.scc_mgr_set_dqs_bus_in_delay
                0xffff198c       0xa8 board/altera/socfpga_cyclone5/sdram/libsocfpga-sdram.o
                0xffff198c                scc_mgr_set_dqs_bus_in_delay
 .text.scc_mgr_set_dqs_en_phase_all_ranks
                0xffff1a34       0x24 board/altera/socfpga_cyclone5/sdram/libsocfpga-sdram.o
                0xffff1a34                scc_mgr_set_dqs_en_phase_all_ranks
 .text.scc_mgr_set_dqdqs_output_phase_all_ranks
                0xffff1a58       0x24 board/altera/socfpga_cyclone5/sdram/libsocfpga-sdram.o
                0xffff1a58                scc_mgr_set_dqdqs_output_phase_all_ranks
 .text.scc_mgr_set_dqs_en_delay_all_ranks
                0xffff1a7c       0x24 board/altera/socfpga_cyclone5/sdram/libsocfpga-sdram.o
                0xffff1a7c                scc_mgr_set_dqs_en_delay_all_ranks
 .text.scc_mgr_set_dq_out1_delay
                0xffff1aa0       0xa8 board/altera/socfpga_cyclone5/sdram/libsocfpga-sdram.o
                0xffff1aa0                scc_mgr_set_dq_out1_delay
 .text.scc_mgr_set_dq_in_delay
                0xffff1b48       0xa8 board/altera/socfpga_cyclone5/sdram/libsocfpga-sdram.o
                0xffff1b48                scc_mgr_set_dq_in_delay
 .text.scc_mgr_set_dm_out1_delay
                0xffff1bf0       0xac board/altera/socfpga_cyclone5/sdram/libsocfpga-sdram.o
                0xffff1bf0                scc_mgr_set_dm_out1_delay
 .text.scc_mgr_zero_all
                0xffff1c9c       0x7c board/altera/socfpga_cyclone5/sdram/libsocfpga-sdram.o
                0xffff1c9c                scc_mgr_zero_all
 .text.scc_set_bypass_mode
                0xffff1d18       0x38 board/altera/socfpga_cyclone5/sdram/libsocfpga-sdram.o
                0xffff1d18                scc_set_bypass_mode
 .text.scc_mgr_load_dqs_for_write_group
                0xffff1d50       0x2c board/altera/socfpga_cyclone5/sdram/libsocfpga-sdram.o
                0xffff1d50                scc_mgr_load_dqs_for_write_group
 .text.scc_mgr_zero_group
                0xffff1d7c       0xb0 board/altera/socfpga_cyclone5/sdram/libsocfpga-sdram.o
                0xffff1d7c                scc_mgr_zero_group
 .text.scc_mgr_apply_group_dq_in_delay
                0xffff1e2c       0x40 board/altera/socfpga_cyclone5/sdram/libsocfpga-sdram.o
                0xffff1e2c                scc_mgr_apply_group_dq_in_delay
 .text.scc_mgr_apply_group_dq_out1_delay
                0xffff1e6c       0x3c board/altera/socfpga_cyclone5/sdram/libsocfpga-sdram.o
                0xffff1e6c                scc_mgr_apply_group_dq_out1_delay
 .text.scc_mgr_apply_group_dm_out1_delay
                0xffff1ea8       0x24 board/altera/socfpga_cyclone5/sdram/libsocfpga-sdram.o
                0xffff1ea8                scc_mgr_apply_group_dm_out1_delay
 .text.scc_mgr_apply_group_dqs_io_and_oct_out1
                0xffff1ecc       0x2c board/altera/socfpga_cyclone5/sdram/libsocfpga-sdram.o
                0xffff1ecc                scc_mgr_apply_group_dqs_io_and_oct_out1
 .text.scc_mgr_apply_group_all_out_delay_add
                0xffff1ef8       0x84 board/altera/socfpga_cyclone5/sdram/libsocfpga-sdram.o
                0xffff1ef8                scc_mgr_apply_group_all_out_delay_add
 .text.scc_mgr_apply_group_all_out_delay_add_all_ranks
                0xffff1f7c       0x1c board/altera/socfpga_cyclone5/sdram/libsocfpga-sdram.o
                0xffff1f7c                scc_mgr_apply_group_all_out_delay_add_all_ranks
 .text.set_jump_as_return
                0xffff1f98       0x1c board/altera/socfpga_cyclone5/sdram/libsocfpga-sdram.o
                0xffff1f98                set_jump_as_return
 .text.rw_mgr_mem_initialize
                0xffff1fb4      0x164 board/altera/socfpga_cyclone5/sdram/libsocfpga-sdram.o
                0xffff1fb4                rw_mgr_mem_initialize
 .text.rw_mgr_mem_handoff
                0xffff2118       0xb0 board/altera/socfpga_cyclone5/sdram/libsocfpga-sdram.o
                0xffff2118                rw_mgr_mem_handoff
 .text.rw_mgr_mem_calibrate_read_test_patterns
                0xffff21c8      0x1f4 board/altera/socfpga_cyclone5/sdram/libsocfpga-sdram.o
                0xffff21c8                rw_mgr_mem_calibrate_read_test_patterns
 .text.rw_mgr_mem_calibrate_read_test_patterns_all_ranks
                0xffff23bc       0x84 board/altera/socfpga_cyclone5/sdram/libsocfpga-sdram.o
                0xffff23bc                rw_mgr_mem_calibrate_read_test_patterns_all_ranks
 .text.rw_mgr_mem_calibrate_read_load_patterns
                0xffff2440       0xa4 board/altera/socfpga_cyclone5/sdram/libsocfpga-sdram.o
                0xffff2440                rw_mgr_mem_calibrate_read_load_patterns
 .text.rw_mgr_mem_calibrate_read_test
                0xffff24e4      0x2d4 board/altera/socfpga_cyclone5/sdram/libsocfpga-sdram.o
                0xffff24e4                rw_mgr_mem_calibrate_read_test
 .text.rw_mgr_mem_calibrate_read_test_all_ranks
                0xffff27b8       0x68 board/altera/socfpga_cyclone5/sdram/libsocfpga-sdram.o
 .text.rw_mgr_decr_vfifo
                0xffff2820       0x28 board/altera/socfpga_cyclone5/sdram/libsocfpga-sdram.o
                0xffff2820                rw_mgr_decr_vfifo
 .text.rw_mgr_mem_calibrate_vfifo_find_dqs_en_phase
                0xffff2848      0x4c0 board/altera/socfpga_cyclone5/sdram/libsocfpga-sdram.o
                0xffff2848                rw_mgr_mem_calibrate_vfifo_find_dqs_en_phase
 .text.rw_mgr_mem_calibrate_lfifo
                0xffff2d08       0xd0 board/altera/socfpga_cyclone5/sdram/libsocfpga-sdram.o
                0xffff2d08                rw_mgr_mem_calibrate_lfifo
 .text.rw_mgr_mem_calibrate_write_test_issue
                0xffff2dd8      0x19c board/altera/socfpga_cyclone5/sdram/libsocfpga-sdram.o
                0xffff2dd8                rw_mgr_mem_calibrate_write_test_issue
 .text.rw_mgr_mem_calibrate_write_test
                0xffff2f74       0xf8 board/altera/socfpga_cyclone5/sdram/libsocfpga-sdram.o
                0xffff2f74                rw_mgr_mem_calibrate_write_test
 .text.rw_mgr_mem_calibrate_vfifo_center
                0xffff306c      0x890 board/altera/socfpga_cyclone5/sdram/libsocfpga-sdram.o
                0xffff306c                rw_mgr_mem_calibrate_vfifo_center
 .text.rw_mgr_mem_calibrate_vfifo_end
                0xffff38fc       0x7c board/altera/socfpga_cyclone5/sdram/libsocfpga-sdram.o
                0xffff38fc                rw_mgr_mem_calibrate_vfifo_end
 .text.rw_mgr_mem_calibrate_vfifo
                0xffff3978      0x3b8 board/altera/socfpga_cyclone5/sdram/libsocfpga-sdram.o
                0xffff3978                rw_mgr_mem_calibrate_vfifo
 .text.rw_mgr_mem_calibrate_writes_center
                0xffff3d30      0x860 board/altera/socfpga_cyclone5/sdram/libsocfpga-sdram.o
                0xffff3d30                rw_mgr_mem_calibrate_writes_center
 .text.rw_mgr_mem_calibrate_writes
                0xffff4590       0x60 board/altera/socfpga_cyclone5/sdram/libsocfpga-sdram.o
                0xffff4590                rw_mgr_mem_calibrate_writes
 .text.mem_precharge_and_activate
                0xffff45f0       0x5c board/altera/socfpga_cyclone5/sdram/libsocfpga-sdram.o
                0xffff45f0                mem_precharge_and_activate
 .text.mem_config
                0xffff464c       0x60 board/altera/socfpga_cyclone5/sdram/libsocfpga-sdram.o
                0xffff464c                mem_config
 .text.mem_skip_calibrate
                0xffff46ac       0xd0 board/altera/socfpga_cyclone5/sdram/libsocfpga-sdram.o
                0xffff46ac                mem_skip_calibrate
 .text.mem_calibrate
                0xffff477c      0x234 board/altera/socfpga_cyclone5/sdram/libsocfpga-sdram.o
                0xffff477c                mem_calibrate
 .text.run_mem_calibrate
                0xffff49b0      0x124 board/altera/socfpga_cyclone5/sdram/libsocfpga-sdram.o
                0xffff49b0                run_mem_calibrate
 .text.hc_initialize_rom_data
                0xffff4ad4      0x1a0 board/altera/socfpga_cyclone5/sdram/libsocfpga-sdram.o
                0xffff4ad4                hc_initialize_rom_data
 .text.initialize_reg_file
                0xffff4c74       0x34 board/altera/socfpga_cyclone5/sdram/libsocfpga-sdram.o
                0xffff4c74                initialize_reg_file
 .text.initialize_hps_phy
                0xffff4ca8       0x2c board/altera/socfpga_cyclone5/sdram/libsocfpga-sdram.o
                0xffff4ca8                initialize_hps_phy
 .text.initialize_tracking
                0xffff4cd4       0x54 board/altera/socfpga_cyclone5/sdram/libsocfpga-sdram.o
                0xffff4cd4                initialize_tracking
 .text.sdram_calibration
                0xffff4d28       0x94 board/altera/socfpga_cyclone5/sdram/libsocfpga-sdram.o
                0xffff4d28                sdram_calibration
 .text.puts     0xffff4dbc       0x3c common/libcommon.o
                0xffff4dbc                puts
 .text.printf   0xffff4df8       0x4c common/libcommon.o
                0xffff4df8                printf
 .text.mem_malloc_init
                0xffff4e44       0x34 common/libcommon.o
                0xffff4e44                mem_malloc_init
 .text.__fswab32
                0xffff4e78       0x1c common/spl/libspl.o
 .text.image_get_load
                0xffff4e94        0x8 common/spl/libspl.o
 .text.image_get_size
                0xffff4e9c        0x8 common/spl/libspl.o
 .text.hang     0xffff4ea4       0x14 common/spl/libspl.o
                0xffff4ea4                hang
 .text.spl_parse_image_header
                0xffff4eb8       0xdc common/spl/libspl.o
                0xffff4eb8                spl_parse_image_header
 .text.board_init_r
                0xffff4f94       0xc0 common/spl/libspl.o
                0xffff4f94                board_init_r
 .text.preloader_console_init
                0xffff5054       0x40 common/spl/libspl.o
                0xffff5054                preloader_console_init
 .text.spl_mmc_load_image
                0xffff5094      0x1f8 drivers/mmc/libmmc.o
                0xffff5094                spl_mmc_load_image
 .text.__fswab32
                0xffff528c       0x1c drivers/mmc/libmmc.o
 .text.__board_mmc_getcd
                0xffff52a8        0x8 drivers/mmc/libmmc.o
                0xffff52a8                __board_mmc_getcd
                0xffff52a8                board_mmc_getcd
 .text.mmc_send_cmd
                0xffff52b0       0x3c drivers/mmc/libmmc.o
                0xffff52b0                mmc_send_cmd
 .text.mmc_send_status
                0xffff52ec       0xcc drivers/mmc/libmmc.o
                0xffff52ec                mmc_send_status
 .text.mmc_set_blocklen
                0xffff53b8       0x30 drivers/mmc/libmmc.o
                0xffff53b8                mmc_set_blocklen
 .text.find_mmc_device
                0xffff53e8       0x4c drivers/mmc/libmmc.o
                0xffff53e8                find_mmc_device
 .text.mmc_berase
                0xffff5434      0x184 drivers/mmc/libmmc.o
 .text.mmc_bwrite
                0xffff55b8      0x160 drivers/mmc/libmmc.o
 .text.mmc_read_blocks
                0xffff5718       0xbc drivers/mmc/libmmc.o
                0xffff5718                mmc_read_blocks
 .text.mmc_bread
                0xffff57d4       0x9c drivers/mmc/libmmc.o
 .text.mmc_go_idle
                0xffff5870       0x48 drivers/mmc/libmmc.o
                0xffff5870                mmc_go_idle
 .text.sd_send_op_cond
                0xffff58b8      0x148 drivers/mmc/libmmc.o
                0xffff58b8                sd_send_op_cond
 .text.mmc_send_op_cond
                0xffff5a00      0x148 drivers/mmc/libmmc.o
                0xffff5a00                mmc_send_op_cond
 .text.mmc_send_ext_csd
                0xffff5b48       0x4c drivers/mmc/libmmc.o
                0xffff5b48                mmc_send_ext_csd
 .text.mmc_switch
                0xffff5b94       0x50 drivers/mmc/libmmc.o
                0xffff5b94                mmc_switch
 .text.mmc_change_freq
                0xffff5be4       0xb0 drivers/mmc/libmmc.o
                0xffff5be4                mmc_change_freq
 .text.mmc_getcd
                0xffff5c94       0x30 drivers/mmc/libmmc.o
                0xffff5c94                mmc_getcd
 .text.sd_switch
                0xffff5cc4       0x64 drivers/mmc/libmmc.o
                0xffff5cc4                sd_switch
 .text.sd_change_freq
                0xffff5d28      0x1e8 drivers/mmc/libmmc.o
                0xffff5d28                sd_change_freq
 .text.mmc_set_ios
                0xffff5f10       0x10 drivers/mmc/libmmc.o
                0xffff5f10                mmc_set_ios
 .text.mmc_set_clock
                0xffff5f20       0x20 drivers/mmc/libmmc.o
                0xffff5f20                mmc_set_clock
 .text.mmc_startup
                0xffff5f40      0x6bc drivers/mmc/libmmc.o
                0xffff5f40                mmc_startup
 .text.mmc_send_if_cond
                0xffff65fc       0x78 drivers/mmc/libmmc.o
                0xffff65fc                mmc_send_if_cond
 .text.mmc_register
                0xffff6674       0x88 drivers/mmc/libmmc.o
                0xffff6674                mmc_register
 .text.mmc_init
                0xffff66fc       0xdc drivers/mmc/libmmc.o
                0xffff66fc                mmc_init
 .text.__def_mmc_init
                0xffff67d8        0x8 drivers/mmc/libmmc.o
                0xffff67d8                board_mmc_init
 .text.print_mmc_devices
                0xffff67e0       0x68 drivers/mmc/libmmc.o
                0xffff67e0                print_mmc_devices
 .text.mmc_initialize
                0xffff6848       0x48 drivers/mmc/libmmc.o
                0xffff6848                mmc_initialize
 .text.dw_host_init
                0xffff6890      0x120 drivers/mmc/libmmc.o
 .text.dw_poll_cmd_register
                0xffff69b0       0x64 drivers/mmc/libmmc.o
                0xffff69b0                dw_poll_cmd_register
 .text.dw_request
                0xffff6a14      0x468 drivers/mmc/libmmc.o
 .text.dw_update_clk_cmd
                0xffff6e7c       0x20 drivers/mmc/libmmc.o
                0xffff6e7c                dw_update_clk_cmd
 .text.dw_mmc_set_ios
                0xffff6e9c      0x114 drivers/mmc/libmmc.o
 .text.dw_mmc_init
                0xffff6fb0       0x7c drivers/mmc/libmmc.o
                0xffff6fb0                dw_mmc_init
 .text.NS16550_init
                0xffff702c       0x60 drivers/serial/libserial.o
                0xffff702c                NS16550_init
 .text.NS16550_putc
                0xffff708c       0x1c drivers/serial/libserial.o
                0xffff708c                NS16550_putc
 .text.calc_divisor.isra.0
                0xffff70a8       0x28 drivers/serial/libserial.o
 .text.serial_init
                0xffff70d0       0x20 drivers/serial/libserial.o
                0xffff70d0                serial_init
 .text._serial_putc
                0xffff70f0       0x34 drivers/serial/libserial.o
                0xffff70f0                _serial_putc
 .text._serial_puts
                0xffff7124       0x28 drivers/serial/libserial.o
                0xffff7124                _serial_puts
 .text.serial_puts
                0xffff714c        0x8 drivers/serial/libserial.o
                0xffff714c                serial_puts
 .text.designware_wdt_settimeout
                0xffff7154       0x5c drivers/watchdog/libwatchdog.o
                0xffff7154                designware_wdt_settimeout
 .text.hw_watchdog_reset
                0xffff71b0       0x20 drivers/watchdog/libwatchdog.o
                0xffff71b0                hw_watchdog_reset
 .text.hw_watchdog_init
                0xffff71d0       0x28 drivers/watchdog/libwatchdog.o
                0xffff71d0                hw_watchdog_init
 .text.crc32_no_comp
                0xffff71f8       0xd8 lib/libgeneric.o
                0xffff71f8                crc32_no_comp
 .text.crc32    0xffff72d0       0x14 lib/libgeneric.o
                0xffff72d0                crc32
 .text.crc32_wd
                0xffff72e4       0x50 lib/libgeneric.o
                0xffff72e4                crc32_wd
 .text.__div64_32
                0xffff7334       0xcc lib/libgeneric.o
                0xffff7334                __div64_32
 .text.strnlen  0xffff7400       0x30 lib/libgeneric.o
                0xffff7400                strnlen
 .text.memset   0xffff7430       0x68 lib/libgeneric.o
                0xffff7430                memset
 .text.memcpy   0xffff7498       0x68 lib/libgeneric.o
                0xffff7498                memcpy
 .text.memcmp   0xffff7500       0x34 lib/libgeneric.o
                0xffff7500                memcmp
 .text.udelay   0xffff7534       0x30 lib/libgeneric.o
                0xffff7534                udelay
 .text.put_dec_trunc
                0xffff7564       0xf4 lib/libgeneric.o
 .text.put_dec  0xffff7658      0x140 lib/libgeneric.o
 .text.string.isra.0
                0xffff7798       0x9c lib/libgeneric.o
 .text.number.isra.4
                0xffff7834      0x254 lib/libgeneric.o
 .text.vsnprintf_internal.isra.6
                0xffff7a88      0x628 lib/libgeneric.o
 .text.vsprintf
                0xffff80b0        0x4 lib/libgeneric.o
                0xffff80b0                vsprintf
 .text.sprintf  0xffff80b4       0x24 lib/libgeneric.o
                0xffff80b4                sprintf
 .text          0xffff80d8      0x114 /home/bdj2bp/gcc-arm-4.7/bin/../lib/gcc/arm-none-eabi/4.7.4/libgcc.a(_udivsi3.o)
                0xffff80d8                __udivsi3
                0xffff80d8                __aeabi_uidiv
                0xffff81cc                __aeabi_uidivmod
 .text          0xffff81ec        0x4 /home/bdj2bp/gcc-arm-4.7/bin/../lib/gcc/arm-none-eabi/4.7.4/libgcc.a(_dvmd_tls.o)
                0xffff81ec                __aeabi_ldiv0
                0xffff81ec                __aeabi_idiv0
 .text          0xffff81f0       0x1c /home/bdj2bp/gcc-arm-4.7/bin/../lib/gcc/arm-none-eabi/4.7.4/libgcc.a(_lshrdi3.o)
                0xffff81f0                __aeabi_llsr
                0xffff81f0                __lshrdi3
 .text          0xffff820c       0x1c /home/bdj2bp/gcc-arm-4.7/bin/../lib/gcc/arm-none-eabi/4.7.4/libgcc.a(_ashldi3.o)
                0xffff820c                __ashldi3
                0xffff820c                __aeabi_llsl
                0xffff8228                __text_end = .

.glue_7         0xffff8228        0x0
 .glue_7        0x00000000        0x0 linker stubs

.glue_7t        0xffff8228        0x0
 .glue_7t       0x00000000        0x0 linker stubs

.vfp11_veneer   0xffff8228        0x0
 .vfp11_veneer  0x00000000        0x0 linker stubs

.v4_bx          0xffff8228        0x0
 .v4_bx         0x00000000        0x0 linker stubs

.iplt           0xffff8228        0x0
 .iplt          0x00000000        0x0 arch/arm/cpu/armv7/start.o
                0xffffa000                . = (ALIGN (0x1000) + 0x1000)
                0xffffa000                __ecc_padding_end = .
                0xffff8228                . = __text_end
                0xffff8228                . = ALIGN (0x4)

.rodata         0xffff8228     0x1688
 *(SORT(.rodata*))
 .rodata        0xffff8228       0x68 arch/arm/cpu/armv7/socfpga/libsocfpga.o
 .rodata.ac_rom_init
                0xffff8290       0x90 board/altera/socfpga_cyclone5/sdram/libsocfpga-sdram.o
                0xffff8290                ac_rom_init
 .rodata.ac_rom_init_size
                0xffff8320        0x4 board/altera/socfpga_cyclone5/sdram/libsocfpga-sdram.o
                0xffff8320                ac_rom_init_size
 .rodata.crc_table
                0xffff8324      0x400 lib/libgeneric.o
 .rodata.fbase  0xffff8724       0x10 drivers/mmc/libmmc.o
 .rodata.inst_rom_init
                0xffff8734      0x1fc board/altera/socfpga_cyclone5/sdram/libsocfpga-sdram.o
                0xffff8734                inst_rom_init
 .rodata.inst_rom_init_size
                0xffff8930        0x4 board/altera/socfpga_cyclone5/sdram/libsocfpga-sdram.o
                0xffff8930                inst_rom_init_size
 .rodata.iocsr_scan_chain0_table
                0xffff8934       0x60 board/altera/socfpga_cyclone5/libsocfpga_cyclone5.o
                0xffff8934                iocsr_scan_chain0_table
 .rodata.iocsr_scan_chain1_table
                0xffff8994       0xd8 board/altera/socfpga_cyclone5/libsocfpga_cyclone5.o
                0xffff8994                iocsr_scan_chain1_table
 .rodata.iocsr_scan_chain2_table
                0xffff8a6c       0x78 board/altera/socfpga_cyclone5/libsocfpga_cyclone5.o
                0xffff8a6c                iocsr_scan_chain2_table
 .rodata.iocsr_scan_chain3_table
                0xffff8ae4      0x830 board/altera/socfpga_cyclone5/libsocfpga_cyclone5.o
                0xffff8ae4                iocsr_scan_chain3_table
 .rodata.multipliers
                0xffff9314       0x40 drivers/mmc/libmmc.o
 .rodata.serial_ports
                0xffff9354       0x10 drivers/serial/libserial.o
 .rodata.__func__.6176
                0xffff9364       0x13 drivers/mmc/libmmc.o
 .rodata.__func__.6236
                0xffff9377        0x8 drivers/mmc/libmmc.o
 .rodata.__func__.6328
                0xffff937f        0xe drivers/mmc/libmmc.o
 .rodata._ctype
                0xffff938d      0x100 lib/libgeneric.o
                0xffff938d                _ctype
 .rodata.digits.5823
                0xffff948d       0x10 lib/libgeneric.o
 .rodata.hex_asc
                0xffff949d       0x11 lib/libgeneric.o
                0xffff949d                hex_asc
 .rodata.str1.1
                0xffff94ae       0x3e arch/arm/cpu/armv7/socfpga/libsocfpga.o
 .rodata.str1.1
                0xffff94ec       0x7e common/spl/libspl.o
 .rodata.str1.1
                0xffff956a      0x316 drivers/mmc/libmmc.o
                                0x318 (size before relaxing)
 .rodata.str1.1
                0xffff9880       0x30 lib/libgeneric.o

.rel.dyn        0xffff98b0        0x0
 .rel.iplt      0x00000000        0x0 arch/arm/cpu/armv7/start.o
                0xffff98b0                . = ALIGN (0x4)

.data           0xffff98b0      0xbfc
 *(SORT(.data*))
 .data          0xffff98b0       0x78 arch/arm/lib/libarm.o
                0xffff98b0                gdata
 .data          0xffff9928        0x4 arch/arm/cpu/armv7/socfpga/libsocfpga.o
                0xffff9928                rst_mgr_status
 .data.interrupt_vectors
                0xffff992c      0x800 arch/arm/cpu/armv7/socfpga/libsocfpga.o
                0xffff992c                interrupt_vectors
 .data.socfpga_dw_mmc_host
                0xffffa12c       0x20 board/altera/socfpga_cyclone5/libsocfpga_cyclone5.o
                0xffffa12c                socfpga_dw_mmc_host
 .data.sys_mgr_init_table
                0xffffa14c      0x33c board/altera/socfpga_cyclone5/libsocfpga_cyclone5.o
                0xffffa14c                sys_mgr_init_table
 .data          0xffffa488       0x20 common/spl/libspl.o
 .data.cur_dev_num
                0xffffa4a8        0x4 drivers/mmc/libmmc.o
                0xffffa4ac                __ecc_padding_start = .

.igot.plt       0xffffa4ac        0x0
 .igot.plt      0x00000000        0x0 arch/arm/cpu/armv7/start.o
                0xffffa4ac                . = ALIGN (0x4)
                0xffffa4ac                __image_copy_end = .
                0xffffa4ac                _end = .

.bss            0xffffa4b0      0x1a0
                0xffffa4b0                . = ALIGN (0x4)
                0xffffa4b0                __bss_start = .
 *(.bss*)
 .bss.frzctrl_channel_freeze
                0xffffa4b0       0x10 arch/arm/cpu/armv7/socfpga/libsocfpga.o
 .bss.skip_delay_mask
                0xffffa4c0        0x2 board/altera/socfpga_cyclone5/sdram/libsocfpga-sdram.o
                0xffffa4c0                skip_delay_mask
 *fill*         0xffffa4c2        0x2 00
 .bss.param     0xffffa4c4        0x4 board/altera/socfpga_cyclone5/sdram/libsocfpga-sdram.o
                0xffffa4c4                param
 .bss.dyn_calib_steps
                0xffffa4c8        0x2 board/altera/socfpga_cyclone5/sdram/libsocfpga-sdram.o
                0xffffa4c8                dyn_calib_steps
 *fill*         0xffffa4ca        0x2 00
 .bss.gbl       0xffffa4cc        0x4 board/altera/socfpga_cyclone5/sdram/libsocfpga-sdram.o
                0xffffa4cc                gbl
 .bss.mem_malloc_brk
                0xffffa4d0        0x4 common/libcommon.o
                0xffffa4d0                mem_malloc_brk
 .bss.mem_malloc_end
                0xffffa4d4        0x4 common/libcommon.o
                0xffffa4d4                mem_malloc_end
 .bss.mem_malloc_start
                0xffffa4d8        0x4 common/libcommon.o
                0xffffa4d8                mem_malloc_start
 .bss.stdio_devices
                0xffffa4dc        0xc common/libcommon.o
                0xffffa4dc                stdio_devices
 .bss.boot_params_ptr
                0xffffa4e8        0x4 common/spl/libspl.o
                0xffffa4e8                boot_params_ptr
 .bss.mmc_devices
                0xffffa4ec        0x8 drivers/mmc/libmmc.o
                0xffffa4f4                . = ALIGN (0x4)
                0xffffa4f4                __bss_end__ = .
 COMMON         0xffffa4f4       0x10 arch/arm/cpu/armv7/socfpga/libsocfpga.o
                0xffffa4f4                irq_cnt_ecc_sdram
                0xffffa4f8                debug_memory_write_addr
                0xffffa4fc                irq_cnt_ecc_ocram_corrected
                0xffffa500                irq_cnt_ecc_ocram_uncorrected
 COMMON         0xffffa504       0x20 common/spl/libspl.o
                0xffffa504                spl_image
 *fill*         0xffffa524        0x4 00
 COMMON         0xffffa528      0x128 drivers/mmc/libmmc.o
                0xffffa528                mmc_dev
                0xffffa650                . = ALIGN (0x8)

.malloc         0xffffa650     0x1400
                0xffffa650                __malloc_start = .
                0xffffba50                . = (. + 0x1400)
 *fill*         0xffffa650     0x1400 00
                0xffffba50                __malloc_end = .

.stack          0xffffba50     0x1000
                0xffffca50                . = (. + 0x1000)
 *fill*         0xffffba50     0x1000 00
                0xffffca50                . = ALIGN (0x8)
                0xffffca50                __stack_start = .

.spl_irq_stack  0xffffca50     0x1000
                0xffffda50                . = (. + 0x1000)
 *fill*         0xffffca50     0x1000 00
                0xffffda50                . = ALIGN (0x8)
                0xffffda50                __irq_stack_start = .
Address of section .text set to 0xffff0000
LOAD arch/arm/cpu/armv7/start.o
START GROUP
LOAD arch/arm/cpu/armv7/libarmv7.o
LOAD arch/arm/cpu/armv7/socfpga/libsocfpga.o
LOAD arch/arm/lib/libarm.o
LOAD board/altera/socfpga_cyclone5/libsocfpga_cyclone5.o
LOAD board/altera/socfpga_cyclone5/sdram/libsocfpga-sdram.o
LOAD common/libcommon.o
LOAD common/spl/libspl.o
LOAD drivers/mmc/libmmc.o
LOAD drivers/serial/libserial.o
LOAD drivers/watchdog/libwatchdog.o
LOAD lib/libgeneric.o
END GROUP
LOAD /home/bdj2bp/test/DE10_DEMO-master/DEMO_BAREMETAL_PRELOADER/spl/arch/arm/lib/eabi_compat.o
LOAD /home/bdj2bp/gcc-arm-4.7/bin/../lib/gcc/arm-none-eabi/4.7.4/libgcc.a
LOAD /home/bdj2bp/gcc-arm-4.7/bin/../lib/gcc/arm-none-eabi/4.7.4/libgcc.a
OUTPUT(u-boot-spl elf32-littlearm)

.ARM.attributes
                0x00000000       0x2b
 .ARM.attributes
                0x00000000       0x16 arch/arm/cpu/armv7/start.o
 .ARM.attributes
                0x00000016       0x2e arch/arm/cpu/armv7/libarmv7.o
 .ARM.attributes
                0x00000044       0x2e arch/arm/cpu/armv7/socfpga/libsocfpga.o
 .ARM.attributes
                0x00000072       0x30 arch/arm/lib/libarm.o
 .ARM.attributes
                0x000000a2       0x30 board/altera/socfpga_cyclone5/libsocfpga_cyclone5.o
 .ARM.attributes
                0x000000d2       0x30 board/altera/socfpga_cyclone5/sdram/libsocfpga-sdram.o
 .ARM.attributes
                0x00000102       0x30 common/libcommon.o
 .ARM.attributes
                0x00000132       0x30 common/spl/libspl.o
 .ARM.attributes
                0x00000162       0x30 drivers/mmc/libmmc.o
 .ARM.attributes
                0x00000192       0x30 drivers/serial/libserial.o
 .ARM.attributes
                0x000001c2       0x30 drivers/watchdog/libwatchdog.o
 .ARM.attributes
                0x000001f2       0x30 lib/libgeneric.o
 .ARM.attributes
                0x00000222       0x18 /home/bdj2bp/gcc-arm-4.7/bin/../lib/gcc/arm-none-eabi/4.7.4/libgcc.a(_udivsi3.o)
 .ARM.attributes
                0x0000023a       0x18 /home/bdj2bp/gcc-arm-4.7/bin/../lib/gcc/arm-none-eabi/4.7.4/libgcc.a(_dvmd_tls.o)
 .ARM.attributes
                0x00000252       0x18 /home/bdj2bp/gcc-arm-4.7/bin/../lib/gcc/arm-none-eabi/4.7.4/libgcc.a(_lshrdi3.o)
 .ARM.attributes
                0x0000026a       0x18 /home/bdj2bp/gcc-arm-4.7/bin/../lib/gcc/arm-none-eabi/4.7.4/libgcc.a(_ashldi3.o)

.comment        0x00000000       0x70
 .comment       0x00000000       0x70 arch/arm/cpu/armv7/libarmv7.o
                                0x153 (size before relaxing)
 .comment       0x00000000      0x710 arch/arm/cpu/armv7/socfpga/libsocfpga.o
 .comment       0x00000000      0x1c4 arch/arm/lib/libarm.o
 .comment       0x00000000      0x153 board/altera/socfpga_cyclone5/libsocfpga_cyclone5.o
 .comment       0x00000000      0x1c4 board/altera/socfpga_cyclone5/sdram/libsocfpga-sdram.o
 .comment       0x00000000      0x235 common/libcommon.o
 .comment       0x00000000       0x71 common/spl/libspl.o
 .comment       0x00000000      0x153 drivers/mmc/libmmc.o
 .comment       0x00000000       0xe2 drivers/serial/libserial.o
 .comment       0x00000000       0x71 drivers/watchdog/libwatchdog.o
 .comment       0x00000000      0x2a6 lib/libgeneric.o

.debug_line     0x00000000     0x8abd
 .debug_line    0x00000000       0x7d arch/arm/cpu/armv7/start.o
 .debug_line    0x0000007d      0x5ef arch/arm/cpu/armv7/libarmv7.o
 .debug_line    0x0000066c     0x23b1 arch/arm/cpu/armv7/socfpga/libsocfpga.o
 .debug_line    0x00002a1d      0x88f arch/arm/lib/libarm.o
 .debug_line    0x000032ac      0x383 board/altera/socfpga_cyclone5/libsocfpga_cyclone5.o
 .debug_line    0x0000362f     0x1883 board/altera/socfpga_cyclone5/sdram/libsocfpga-sdram.o
 .debug_line    0x00004eb2     0x14a8 common/libcommon.o
 .debug_line    0x0000635a      0x38f common/spl/libspl.o
 .debug_line    0x000066e9      0xe1a drivers/mmc/libmmc.o
 .debug_line    0x00007503      0x421 drivers/serial/libserial.o
 .debug_line    0x00007924      0x1ba drivers/watchdog/libwatchdog.o
 .debug_line    0x00007ade      0xfdf lib/libgeneric.o

.debug_info     0x00000000    0x2185a
 .debug_info    0x00000000       0x7f arch/arm/cpu/armv7/start.o
 .debug_info    0x0000007f     0x13b5 arch/arm/cpu/armv7/libarmv7.o
 .debug_info    0x00001434     0x81fb arch/arm/cpu/armv7/socfpga/libsocfpga.o
 .debug_info    0x0000962f     0x1b68 arch/arm/lib/libarm.o
 .debug_info    0x0000b197      0xdcd board/altera/socfpga_cyclone5/libsocfpga_cyclone5.o
 .debug_info    0x0000bf64     0x5c86 board/altera/socfpga_cyclone5/sdram/libsocfpga-sdram.o
 .debug_info    0x00011bea     0x5b65 common/libcommon.o
 .debug_info    0x0001774f      0xbdb common/spl/libspl.o
 .debug_info    0x0001832a     0x5312 drivers/mmc/libmmc.o
 .debug_info    0x0001d63c     0x1220 drivers/serial/libserial.o
 .debug_info    0x0001e85c      0x4fc drivers/watchdog/libwatchdog.o
 .debug_info    0x0001ed58     0x2b02 lib/libgeneric.o

.debug_abbrev   0x00000000     0x6bcb
 .debug_abbrev  0x00000000       0x14 arch/arm/cpu/armv7/start.o
 .debug_abbrev  0x00000014      0x62d arch/arm/cpu/armv7/libarmv7.o
 .debug_abbrev  0x00000641     0x20e3 arch/arm/cpu/armv7/socfpga/libsocfpga.o
 .debug_abbrev  0x00002724      0x7a9 arch/arm/lib/libarm.o
 .debug_abbrev  0x00002ecd      0x3e8 board/altera/socfpga_cyclone5/libsocfpga_cyclone5.o
 .debug_abbrev  0x000032b5      0x575 board/altera/socfpga_cyclone5/sdram/libsocfpga-sdram.o
 .debug_abbrev  0x0000382a     0x1102 common/libcommon.o
 .debug_abbrev  0x0000492c      0x36b common/spl/libspl.o
 .debug_abbrev  0x00004c97      0xdb9 drivers/mmc/libmmc.o
 .debug_abbrev  0x00005a50      0x459 drivers/serial/libserial.o
 .debug_abbrev  0x00005ea9      0x25b drivers/watchdog/libwatchdog.o
 .debug_abbrev  0x00006104      0xac7 lib/libgeneric.o

.debug_aranges  0x00000000     0x1130
 .debug_aranges
                0x00000000       0x20 arch/arm/cpu/armv7/start.o
 .debug_aranges
                0x00000020      0x108 arch/arm/cpu/armv7/libarmv7.o
 .debug_aranges
                0x00000128      0x3d8 arch/arm/cpu/armv7/socfpga/libsocfpga.o
 .debug_aranges
                0x00000500      0x120 arch/arm/lib/libarm.o
 .debug_aranges
                0x00000620       0xb0 board/altera/socfpga_cyclone5/libsocfpga_cyclone5.o
 .debug_aranges
                0x000006d0      0x2b0 board/altera/socfpga_cyclone5/sdram/libsocfpga-sdram.o
 .debug_aranges
                0x00000980      0x2d8 common/libcommon.o
 .debug_aranges
                0x00000c58       0x50 common/spl/libspl.o
 .debug_aranges
                0x00000ca8      0x178 drivers/mmc/libmmc.o
 .debug_aranges
                0x00000e20       0xc8 drivers/serial/libserial.o
 .debug_aranges
                0x00000ee8       0x40 drivers/watchdog/libwatchdog.o
 .debug_aranges
                0x00000f28      0x208 lib/libgeneric.o

.debug_frame    0x00000000     0x2610
 .debug_frame   0x00000000      0x1d0 arch/arm/cpu/armv7/libarmv7.o
 .debug_frame   0x000001d0      0x614 arch/arm/cpu/armv7/socfpga/libsocfpga.o
 .debug_frame   0x000007e4      0x23c arch/arm/lib/libarm.o
 .debug_frame   0x00000a20      0x130 board/altera/socfpga_cyclone5/libsocfpga_cyclone5.o
 .debug_frame   0x00000b50      0x72c board/altera/socfpga_cyclone5/sdram/libsocfpga-sdram.o
 .debug_frame   0x0000127c      0x788 common/libcommon.o
 .debug_frame   0x00001a04       0xa4 common/spl/libspl.o
 .debug_frame   0x00001aa8      0x43c drivers/mmc/libmmc.o
 .debug_frame   0x00001ee4      0x190 drivers/serial/libserial.o
 .debug_frame   0x00002074       0x68 drivers/watchdog/libwatchdog.o
 .debug_frame   0x000020dc      0x514 lib/libgeneric.o
 .debug_frame   0x000025f0       0x20 /home/bdj2bp/gcc-arm-4.7/bin/../lib/gcc/arm-none-eabi/4.7.4/libgcc.a(_udivsi3.o)

.debug_str      0x00000000     0x5592
 .debug_str     0x00000000      0x511 arch/arm/cpu/armv7/libarmv7.o
                                0xaee (size before relaxing)
 .debug_str     0x00000511      0xfb5 arch/arm/cpu/armv7/socfpga/libsocfpga.o
                               0x42ba (size before relaxing)
 .debug_str     0x000014c6      0x252 arch/arm/lib/libarm.o
                                0xea0 (size before relaxing)
 .debug_str     0x00001718      0x522 board/altera/socfpga_cyclone5/libsocfpga_cyclone5.o
                                0xa9d (size before relaxing)
 .debug_str     0x00001c3a     0x10a9 board/altera/socfpga_cyclone5/sdram/libsocfpga-sdram.o
                               0x1649 (size before relaxing)
 .debug_str     0x00002ce3     0x1a21 common/libcommon.o
                               0x2a19 (size before relaxing)
 .debug_str     0x00004704      0x140 common/spl/libspl.o
                                0x5ef (size before relaxing)
 .debug_str     0x00004844      0x783 drivers/mmc/libmmc.o
                               0x1706 (size before relaxing)
 .debug_str     0x00004fc7      0x247 drivers/serial/libserial.o
                                0x88e (size before relaxing)
 .debug_str     0x0000520e       0xa8 drivers/watchdog/libwatchdog.o
                                0x2f8 (size before relaxing)
 .debug_str     0x000052b6      0x2dc lib/libgeneric.o
                                0xee3 (size before relaxing)

.debug_loc      0x00000000    0x10d16
 .debug_loc     0x00000000      0x649 arch/arm/cpu/armv7/libarmv7.o
 .debug_loc     0x00000649     0x2a75 arch/arm/cpu/armv7/socfpga/libsocfpga.o
 .debug_loc     0x000030be      0x4bc arch/arm/lib/libarm.o
 .debug_loc     0x0000357a      0x2e2 board/altera/socfpga_cyclone5/libsocfpga_cyclone5.o
 .debug_loc     0x0000385c     0x3e6c board/altera/socfpga_cyclone5/sdram/libsocfpga-sdram.o
 .debug_loc     0x000076c8     0x3b69 common/libcommon.o
 .debug_loc     0x0000b231      0x23b common/spl/libspl.o
 .debug_loc     0x0000b46c     0x274d drivers/mmc/libmmc.o
 .debug_loc     0x0000dbb9      0x3e8 drivers/serial/libserial.o
 .debug_loc     0x0000dfa1      0x10e drivers/watchdog/libwatchdog.o
 .debug_loc     0x0000e0af     0x2c67 lib/libgeneric.o

.debug_ranges   0x00000000     0x1be0
 .debug_ranges  0x00000000       0xb8 arch/arm/cpu/armv7/libarmv7.o
 .debug_ranges  0x000000b8      0x418 arch/arm/cpu/armv7/socfpga/libsocfpga.o
 .debug_ranges  0x000004d0      0x110 arch/arm/lib/libarm.o
 .debug_ranges  0x000005e0       0x70 board/altera/socfpga_cyclone5/libsocfpga_cyclone5.o
 .debug_ranges  0x00000650      0x928 board/altera/socfpga_cyclone5/sdram/libsocfpga-sdram.o
 .debug_ranges  0x00000f78      0x430 common/libcommon.o
 .debug_ranges  0x000013a8       0x88 common/spl/libspl.o
 .debug_ranges  0x00001430      0x3d8 drivers/mmc/libmmc.o
 .debug_ranges  0x00001808      0x138 drivers/serial/libserial.o
 .debug_ranges  0x00001940       0x48 drivers/watchdog/libwatchdog.o
 .debug_ranges  0x00001988      0x258 lib/libgeneric.o
