sequencer.c:573:20:set_failing_group_stage	0	static
sequencer.c:595:20:reg_file_set_group	0	static
sequencer.c:610:20:reg_file_set_stage	0	static
sequencer.c:625:20:reg_file_set_sub_stage	0	static
sequencer.c:1040:20:scc_mgr_set_dqs_bus_in_delay	0	static
sequencer.c:1064:20:scc_mgr_set_dqs_en_phase	0	static
sequencer.c:1099:20:scc_mgr_set_dqdqs_output_phase	0	static
sequencer.c:1143:20:scc_mgr_set_dqs_en_delay	0	static
sequencer.c:1178:20:scc_mgr_set_oct_out1_delay	0	static
sequencer.c:1208:20:3	0	static
sequencer.c:1242:20:5	0	static
sequencer.c:1314:20:8	0	static
sequencer.c:675:6:initialize	0	static
sequencer.c:728:6:set_rank_and_odt_mask	0	static
sequencer.c:935:6:select_shadow_regs_for_update	0	static
sequencer.c:1027:6:scc_mgr_initialize	0	static
sequencer.c:1076:6:scc_mgr_set_dqs_en_phase_all_ranks	8	static
sequencer.c:1120:6:scc_mgr_set_dqdqs_output_phase_all_ranks	8	static
sequencer.c:1155:6:scc_mgr_set_dqs_en_delay_all_ranks	8	static
sequencer.c:1370:6:scc_mgr_zero_all	8	static
sequencer.c:1415:6:scc_set_bypass_mode	0	static
sequencer.c:1467:6:scc_mgr_zero_group	16	static
sequencer.c:1524:6:scc_mgr_load_dqs	0	static
sequencer.c:1531:6:scc_mgr_load_dqs_io	0	static
sequencer.c:1538:6:scc_mgr_load_dq	0	static
sequencer.c:1545:6:scc_mgr_load_dm	0	static
sequencer.c:1553:6:scc_mgr_apply_group_dq_in_delay	16	static
sequencer.c:1565:6:scc_mgr_apply_group_dq_out1_delay	16	static
sequencer.c:1575:6:scc_mgr_apply_group_dq_out2_delay	0	static
sequencer.c:1587:6:scc_mgr_apply_group_dm_out1_delay	8	static
sequencer.c:1599:6:scc_mgr_apply_group_dqs_io_and_oct_out1	16	static
sequencer.c:1611:6:scc_mgr_set_group_dqs_io_and_oct_out1_gradual	16	static
sequencer.c:1637:6:scc_mgr_apply_group_all_out_delay	16	static
sequencer.c:1653:6:scc_mgr_apply_group_all_out_delay_all_ranks	8	static
sequencer.c:1669:6:scc_mgr_apply_group_all_out_delay_add	8	static
sequencer.c:1744:6:scc_mgr_apply_group_all_out_delay_add_all_ranks	8	static
sequencer.c:1787:6:set_jump_as_return	0	static
sequencer.c:1959:6:rw_mgr_rdimm_initialize	0	static
sequencer.c:1963:6:rw_mgr_mem_initialize	16	static
sequencer.c:2456:6:rw_mgr_mem_dll_lock_wait	0	static
sequencer.c:2554:6:rw_mgr_mem_handoff	16	static
sequencer.c:2751:9:rw_mgr_mem_calibrate_read_test_patterns	56	static
sequencer.c:2814:6:rw_mgr_mem_calibrate_read_load_patterns	16	static
sequencer.c:3024:9:rw_mgr_mem_calibrate_read_test	64	static
sequencer.c:3108:23:rw_mgr_mem_calibrate_read_test_all_ranks	24	static
sequencer.c:3113:6:rw_mgr_incr_vfifo	0	static
sequencer.c:3161:6:rw_mgr_decr_vfifo	0	static
sequencer.c:3267:9:rw_mgr_mem_calibrate_vfifo_find_dqs_en_phase	56	static
sequencer.c:4215:9:rw_mgr_mem_calibrate_vfifo_center	144	static
sequencer.c:4824:9:rw_mgr_mem_calibrate_vfifo	48	static
sequencer.c:5106:9:rw_mgr_mem_calibrate_lfifo	32	static
sequencer.c:5207:6:rw_mgr_mem_calibrate_write_test_issue	0	static
sequencer.c:5351:9:rw_mgr_mem_calibrate_write_test	48	static
sequencer.c:5758:9:rw_mgr_mem_calibrate_wlevel	48	static
sequencer.c:6162:9:rw_mgr_mem_calibrate_writes_center	136	static
sequencer.c:7029:9:rw_mgr_mem_calibrate_writes	16	static
sequencer.c:7057:6:rw_mgr_mem_calibrate_eye_diag_aid	0	static
sequencer.c:7064:9:rw_mgr_mem_calibrate_full_test	32	static
sequencer.c:7411:6:mem_precharge_and_activate	8	static
sequencer.c:7522:6:mem_config	0	static
sequencer.c:7712:6:mem_skip_calibrate	8	static
sequencer.c:7920:9:mem_calibrate	56	static
sequencer.c:8189:9:run_mem_calibrate	16	static
sequencer.c:8370:6:hc_initialize_rom_data	0	static
sequencer.c:8597:6:initialize_reg_file	0	static
sequencer.c:8610:6:initialize_hps_phy	0	static
sequencer.c:9004:6:user_init_cal_req	8	static
sequencer.c:9166:5:sdram_calibration	80	static
